<?xml version="1.0" encoding="utf-8"?><testsuites name="pytest tests"><testsuite name="pytest" errors="0" failures="0" skipped="0" tests="48" time="89.240" timestamp="2026-07-10T23:48:00.842593-05:00" hostname="MS-CLAW"><testcase classname="tests.test_all_loops" name="test_loop00_environment_imports" time="2.771" /><testcase classname="tests.test_all_loops" name="test_loop01_embeddings" time="2.621" /><testcase classname="tests.test_all_loops" name="test_loop02_sqlite_store" time="1.294" /><testcase classname="tests.test_all_loops" name="test_loop03_faiss_index" time="1.517" /><testcase classname="tests.test_all_loops" name="test_loop04_pgvector" time="1.248" /><testcase classname="tests.test_all_loops" name="test_loop05_rag" time="1.447" /><testcase classname="tests.test_all_loops" name="test_loop06_metadata_filter" time="1.292" /><testcase classname="tests.test_all_loops" name="test_loop07_ingest" time="0.094" /><testcase classname="tests.test_all_loops" name="test_loop08_chunking" time="0.001" /><testcase classname="tests.test_all_loops" name="test_loop09_pipeline" time="1.315" /><testcase classname="tests.test_all_loops" name="test_loop10_hybrid" time="3.167" /><testcase classname="tests.test_all_loops" name="test_loop11_prompt_gen" time="1.797" /><testcase classname="tests.test_all_loops" name="test_loop12_guardrails" time="1.310" /><testcase classname="tests.test_all_loops" name="test_loop13_eval" time="1.299" /><testcase classname="tests.test_all_loops" name="test_loop14_api" time="1.460" /><testcase classname="tests.test_all_loops" name="test_loop15_table_parsing" time="0.003" /><testcase classname="tests.test_all_loops" name="test_loop16_multiformat" time="0.090" /><testcase classname="tests.test_all_loops" name="test_loop17_preprocessing" time="0.001" /><testcase classname="tests.test_all_loops" name="test_loop18_model_compare" time="2.633" /><testcase classname="tests.test_all_loops" name="test_loop19_multiquery" time="3.645" /><testcase classname="tests.test_all_loops" name="test_loop20_tool_calling" time="0.536" /><testcase classname="tests.test_all_loops" name="test_loop21_multiagent" time="2.125" /><testcase classname="tests.test_all_loops" name="test_loop22_graph" time="0.075" /><testcase classname="tests.test_all_loops" name="test_loop23_rigorous_eval" time="2.045" /><testcase classname="tests.test_all_loops" name="test_loop24_app" time="1.435" /><testcase classname="tests.test_all_loops" name="test_loop25_schema" time="0.027" /><testcase classname="tests.test_all_loops" name="test_loop26_multisource_graph" time="0.029" /><testcase classname="tests.test_all_loops" name="test_loop27_extraction" time="1.140" /><testcase classname="tests.test_all_loops" name="test_loop28_ned" time="1.318" /><testcase classname="tests.test_all_loops" name="test_loop29_graph_features" time="0.072" /><testcase classname="tests.test_all_loops" name="test_loop30_gnn" time="0.353" /><testcase classname="tests.test_all_loops" name="test_loop31_graphrag" time="1.704" /><testcase classname="tests.test_all_loops" name="test_loop32_nl_to_cypher" time="1.014" /><testcase classname="tests.test_all_loops" name="test_loop33_qa_agent" time="2.642" /><testcase classname="tests.test_all_loops" name="test_loop34_langchain_basics" time="1.251" /><testcase classname="tests.test_all_loops" name="test_loop35_langchain_indexing" time="2.145" /><testcase classname="tests.test_all_loops" name="test_loop36_rag_chain" time="1.617" /><testcase classname="tests.test_all_loops" name="test_loop37_stategraph_memory" time="1.868" /><testcase classname="tests.test_all_loops" name="test_loop38_agent_architectures" time="0.415" /><testcase classname="tests.test_all_loops" name="test_loop39_reflection_supervisor" time="2.560" /><testcase classname="tests.test_all_loops" name="test_loop40_self_corrective_rag" time="7.705" /><testcase classname="tests.test_all_loops" name="test_loop41_tracing_monitoring" time="8.913" /><testcase classname="tests.test_all_loops" name="test_loop42_graph_app" time="1.429" /><testcase classname="tests.test_all_loops" name="test_loop43_chatbot_app" time="1.363" /><testcase classname="tests.test_supplemental" name="test_loop14_api_query_endpoint" time="1.419" /><testcase classname="tests.test_supplemental" name="test_loop24_streamlit_app_query_flow" time="0.527" /><testcase classname="tests.test_supplemental" name="test_loop43_chatbot_app_chat_flow" time="0.428" /><testcase classname="tests.test_supplemental" name="test_loop40_dataset_already_exists_branch" time="13.874" /></testsuite></testsuites>